// Jest Snapshot v1, https://goo.gl/fbAQLP

exports[`Menu renders correctly 1`] = `
<Menu
  defaultSelectedKey="1"
  mode="horizontal"
  onSelect={[Function]}
>
  <__KS_MenuItem__>
    Active
  </__KS_MenuItem__>
  <__KS_MenuItem__>
    Normal
  </__KS_MenuItem__>
  <__KS_MenuItem__
    disabled={true}
  >
    Disabled
  </__KS_MenuItem__>
  <__KS_SubMenu__
    title="SubItems"
  >
    <__KS_MenuItem__>
      First SubItem
    </__KS_MenuItem__>
    <__KS_MenuItem__>
      Second SubItem
    </__KS_MenuItem__>
  </__KS_SubMenu__>
</Menu>
`;
