// Jest Snapshot v1, https://goo.gl/fbAQLP

exports[`Menu renders correctly 1`] = `
<Menu
  defaultSelectedKey="1"
  mode="horizontal"
  onSelect={[Function]}
>
  <MenuItem>
    Active
  </MenuItem>
  <MenuItem>
    Normal
  </MenuItem>
  <MenuItem
    disabled={true}
  >
    Disabled
  </MenuItem>
  <SubMenu
    title="SubItems"
  >
    <MenuItem>
      First SubItem
    </MenuItem>
    <MenuItem>
      Second SubItem
    </MenuItem>
  </SubMenu>
</Menu>
`;
